Archive member included to satisfy reference by file (symbol)

c:/users/20114/downloads/avr8-gnu-toolchain/avr8-gnu-toolchain-win32_x86_64/bin/../lib/gcc/avr/7.3.0/avr5\libgcc.a(_exit.o)
                              c:/users/20114/downloads/avr8-gnu-toolchain/avr8-gnu-toolchain-win32_x86_64/bin/../lib/gcc/avr/7.3.0/../../../../avr/lib/avr5/crtatmega328p.o (exit)
c:/users/20114/downloads/avr8-gnu-toolchain/avr8-gnu-toolchain-win32_x86_64/bin/../lib/gcc/avr/7.3.0/avr5\libgcc.a(_copy_data.o)
                              ./WDGM/WDGM.o (__do_copy_data)
c:/users/20114/downloads/avr8-gnu-toolchain/avr8-gnu-toolchain-win32_x86_64/bin/../lib/gcc/avr/7.3.0/avr5\libgcc.a(_clear_bss.o)
                              ./src/main.o (__do_clear_bss)
c:/users/20114/downloads/avr8-gnu-toolchain/avr8-gnu-toolchain-win32_x86_64/bin/../lib/gcc/avr/7.3.0/../../../../avr/lib/avr5\libm.a(cmpsf2.o)
                              ./src/main.o (__ltsf2)
c:/users/20114/downloads/avr8-gnu-toolchain/avr8-gnu-toolchain-win32_x86_64/bin/../lib/gcc/avr/7.3.0/../../../../avr/lib/avr5\libm.a(fixunssfsi.o)
                              ./src/main.o (__fixunssfsi)
c:/users/20114/downloads/avr8-gnu-toolchain/avr8-gnu-toolchain-win32_x86_64/bin/../lib/gcc/avr/7.3.0/../../../../avr/lib/avr5\libm.a(fp_cmp.o)
                              c:/users/20114/downloads/avr8-gnu-toolchain/avr8-gnu-toolchain-win32_x86_64/bin/../lib/gcc/avr/7.3.0/../../../../avr/lib/avr5\libm.a(cmpsf2.o) (__fp_cmp)
c:/users/20114/downloads/avr8-gnu-toolchain/avr8-gnu-toolchain-win32_x86_64/bin/../lib/gcc/avr/7.3.0/../../../../avr/lib/avr5\libm.a(fp_split3.o)
                              c:/users/20114/downloads/avr8-gnu-toolchain/avr8-gnu-toolchain-win32_x86_64/bin/../lib/gcc/avr/7.3.0/../../../../avr/lib/avr5\libm.a(fixunssfsi.o) (__fp_splitA)
c:/users/20114/downloads/avr8-gnu-toolchain/avr8-gnu-toolchain-win32_x86_64/bin/../lib/gcc/avr/7.3.0/../../../../avr/lib/avr5\libm.a(fp_zero.o)
                              c:/users/20114/downloads/avr8-gnu-toolchain/avr8-gnu-toolchain-win32_x86_64/bin/../lib/gcc/avr/7.3.0/../../../../avr/lib/avr5\libm.a(fixunssfsi.o) (__fp_zero)
c:/users/20114/downloads/avr8-gnu-toolchain/avr8-gnu-toolchain-win32_x86_64/bin/../lib/gcc/avr/7.3.0/../../../../avr/lib/avr5\libm.a(gesf2.o)
                              ./src/main.o (__gtsf2)
c:/users/20114/downloads/avr8-gnu-toolchain/avr8-gnu-toolchain-win32_x86_64/bin/../lib/gcc/avr/7.3.0/../../../../avr/lib/avr5\libm.a(mulsf3.o)
                              ./src/main.o (__mulsf3)
c:/users/20114/downloads/avr8-gnu-toolchain/avr8-gnu-toolchain-win32_x86_64/bin/../lib/gcc/avr/7.3.0/../../../../avr/lib/avr5\libm.a(mulsf3x.o)
                              c:/users/20114/downloads/avr8-gnu-toolchain/avr8-gnu-toolchain-win32_x86_64/bin/../lib/gcc/avr/7.3.0/../../../../avr/lib/avr5\libm.a(mulsf3.o) (__mulsf3x)
c:/users/20114/downloads/avr8-gnu-toolchain/avr8-gnu-toolchain-win32_x86_64/bin/../lib/gcc/avr/7.3.0/../../../../avr/lib/avr5\libm.a(fp_inf.o)
                              c:/users/20114/downloads/avr8-gnu-toolchain/avr8-gnu-toolchain-win32_x86_64/bin/../lib/gcc/avr/7.3.0/../../../../avr/lib/avr5\libm.a(mulsf3x.o) (__fp_inf)
c:/users/20114/downloads/avr8-gnu-toolchain/avr8-gnu-toolchain-win32_x86_64/bin/../lib/gcc/avr/7.3.0/../../../../avr/lib/avr5\libm.a(fp_nan.o)
                              c:/users/20114/downloads/avr8-gnu-toolchain/avr8-gnu-toolchain-win32_x86_64/bin/../lib/gcc/avr/7.3.0/../../../../avr/lib/avr5\libm.a(mulsf3x.o) (__fp_nan)
c:/users/20114/downloads/avr8-gnu-toolchain/avr8-gnu-toolchain-win32_x86_64/bin/../lib/gcc/avr/7.3.0/../../../../avr/lib/avr5\libm.a(fp_pscA.o)
                              c:/users/20114/downloads/avr8-gnu-toolchain/avr8-gnu-toolchain-win32_x86_64/bin/../lib/gcc/avr/7.3.0/../../../../avr/lib/avr5\libm.a(mulsf3x.o) (__fp_pscA)
c:/users/20114/downloads/avr8-gnu-toolchain/avr8-gnu-toolchain-win32_x86_64/bin/../lib/gcc/avr/7.3.0/../../../../avr/lib/avr5\libm.a(fp_pscB.o)
                              c:/users/20114/downloads/avr8-gnu-toolchain/avr8-gnu-toolchain-win32_x86_64/bin/../lib/gcc/avr/7.3.0/../../../../avr/lib/avr5\libm.a(mulsf3x.o) (__fp_pscB)
c:/users/20114/downloads/avr8-gnu-toolchain/avr8-gnu-toolchain-win32_x86_64/bin/../lib/gcc/avr/7.3.0/../../../../avr/lib/avr5\libm.a(fp_round.o)
                              c:/users/20114/downloads/avr8-gnu-toolchain/avr8-gnu-toolchain-win32_x86_64/bin/../lib/gcc/avr/7.3.0/../../../../avr/lib/avr5\libm.a(mulsf3.o) (__fp_round)

Discarded input sections

 .group         0x0000000000000000        0x8 ./toggle/toggle.o
 .group         0x0000000000000000        0x8 ./toggle/toggle.o
 .group         0x0000000000000000        0x8 ./timer/timer.o
 .group         0x0000000000000000        0x8 ./timer/timer.o
 .group         0x0000000000000000        0x8 ./timer/timer.o
 .group         0x0000000000000000        0x8 ./timer/timer.o
 .group         0x0000000000000000        0x8 ./timer/timer.o
 .group         0x0000000000000000        0x8 ./timer/timer.o
 .group         0x0000000000000000        0x8 ./timer/timer.o
 .group         0x0000000000000000        0x8 ./timer/timer.o
 .group         0x0000000000000000        0x8 ./timer/timer.o
 .group         0x0000000000000000        0x8 ./timer/timer.o
 .group         0x0000000000000000        0x8 ./timer/timer.o
 .group         0x0000000000000000        0x8 ./timer/timer.o
 .group         0x0000000000000000        0x8 ./timer/timer.o
 .group         0x0000000000000000        0x8 ./timer/timer.o
 .group         0x0000000000000000        0x8 ./timer/timer.o
 .group         0x0000000000000000        0x8 ./timer/timer.o
 .group         0x0000000000000000        0x8 ./timer/timer.o
 .debug_macro   0x0000000000000000      0xb26 ./timer/timer.o
 .debug_macro   0x0000000000000000       0x22 ./timer/timer.o
 .group         0x0000000000000000        0x8 ./src/main.o
 .group         0x0000000000000000        0x8 ./src/main.o
 .group         0x0000000000000000        0x8 ./src/main.o
 .group         0x0000000000000000        0x8 ./src/main.o
 .group         0x0000000000000000        0x8 ./src/main.o
 .group         0x0000000000000000        0x8 ./src/main.o
 .group         0x0000000000000000        0x8 ./src/main.o
 .group         0x0000000000000000        0x8 ./src/main.o
 .group         0x0000000000000000        0x8 ./src/main.o
 .debug_macro   0x0000000000000000      0xb26 ./src/main.o
 .debug_macro   0x0000000000000000      0x1c9 ./src/main.o
 .debug_macro   0x0000000000000000      0x2fc ./src/main.o
 .debug_macro   0x0000000000000000       0x22 ./src/main.o
 .group         0x0000000000000000        0x8 ./WDGM/WDGM.o
 .group         0x0000000000000000        0x8 ./WDGM/WDGM.o
 .group         0x0000000000000000        0x8 ./WDGM/WDGM.o
 .debug_macro   0x0000000000000000      0xb26 ./WDGM/WDGM.o
 .debug_macro   0x0000000000000000       0x22 ./WDGM/WDGM.o
 .group         0x0000000000000000        0x8 ./WDGDRV/WDGDRV.o
 .group         0x0000000000000000        0x8 ./WDGDRV/WDGDRV.o
 .group         0x0000000000000000        0x8 ./WDGDRV/WDGDRV.o
 .group         0x0000000000000000        0x8 ./WDGDRV/WDGDRV.o
 .group         0x0000000000000000        0x8 ./WDGDRV/WDGDRV.o
 .group         0x0000000000000000        0x8 ./WDGDRV/WDGDRV.o
 .group         0x0000000000000000        0x8 ./WDGDRV/WDGDRV.o
 .group         0x0000000000000000        0x8 ./WDGDRV/WDGDRV.o
 .group         0x0000000000000000        0x8 ./WDGDRV/WDGDRV.o
 .group         0x0000000000000000        0x8 ./WDGDRV/WDGDRV.o
 .group         0x0000000000000000        0x8 ./WDGDRV/WDGDRV.o
 .group         0x0000000000000000        0x8 ./WDGDRV/WDGDRV.o
 .group         0x0000000000000000        0x8 ./WDGDRV/WDGDRV.o
 .debug_macro   0x0000000000000000      0xb26 ./WDGDRV/WDGDRV.o
 .debug_macro   0x0000000000000000       0x58 ./WDGDRV/WDGDRV.o
 .debug_macro   0x0000000000000000       0x10 ./WDGDRV/WDGDRV.o
 .debug_macro   0x0000000000000000      0x1c9 ./WDGDRV/WDGDRV.o
 .debug_macro   0x0000000000000000      0x2fc ./WDGDRV/WDGDRV.o
 .debug_macro   0x0000000000000000       0x9e ./WDGDRV/WDGDRV.o
 .debug_macro   0x0000000000000000     0x1411 ./WDGDRV/WDGDRV.o
 .debug_macro   0x0000000000000000      0x13a ./WDGDRV/WDGDRV.o
 .debug_macro   0x0000000000000000       0x34 ./WDGDRV/WDGDRV.o
 .debug_macro   0x0000000000000000       0x18 ./WDGDRV/WDGDRV.o
 .debug_macro   0x0000000000000000       0x6c ./WDGDRV/WDGDRV.o
 .group         0x0000000000000000        0x8 ./LED/LEDM.o
 .group         0x0000000000000000        0x8 ./LED/LEDM.o
 .group         0x0000000000000000        0x8 ./LED/LEDM.o
 .debug_macro   0x0000000000000000      0xb26 ./LED/LEDM.o
 .debug_macro   0x0000000000000000       0x22 ./LED/LEDM.o
 .debug_macro   0x0000000000000000       0x58 ./LED/LEDM.o

Memory Configuration

Name             Origin             Length             Attributes
text             0x0000000000000000 0x0000000000008000 xr
data             0x0000000000800100 0x0000000000000800 rw !x
eeprom           0x0000000000810000 0x0000000000000400 rw !x
fuse             0x0000000000820000 0x0000000000000003 rw !x
lock             0x0000000000830000 0x0000000000000400 rw !x
signature        0x0000000000840000 0x0000000000000400 rw !x
user_signatures  0x0000000000850000 0x0000000000000400 rw !x
*default*        0x0000000000000000 0xffffffffffffffff

Linker script and memory map

Address of section .data set to 0x800100
LOAD c:/users/20114/downloads/avr8-gnu-toolchain/avr8-gnu-toolchain-win32_x86_64/bin/../lib/gcc/avr/7.3.0/../../../../avr/lib/avr5/crtatmega328p.o
LOAD ./toggle/toggle.o
LOAD ./timer/timer.o
LOAD ./src/main.o
LOAD ./WDGM/WDGM.o
LOAD ./WDGDRV/WDGDRV.o
LOAD ./LED/LEDM.o
START GROUP
LOAD c:/users/20114/downloads/avr8-gnu-toolchain/avr8-gnu-toolchain-win32_x86_64/bin/../lib/gcc/avr/7.3.0/avr5\libgcc.a
LOAD c:/users/20114/downloads/avr8-gnu-toolchain/avr8-gnu-toolchain-win32_x86_64/bin/../lib/gcc/avr/7.3.0/../../../../avr/lib/avr5\libm.a
LOAD c:/users/20114/downloads/avr8-gnu-toolchain/avr8-gnu-toolchain-win32_x86_64/bin/../lib/gcc/avr/7.3.0/../../../../avr/lib/avr5\libc.a
LOAD c:/users/20114/downloads/avr8-gnu-toolchain/avr8-gnu-toolchain-win32_x86_64/bin/../lib/gcc/avr/7.3.0/../../../../avr/lib/avr5\libatmega328p.a
END GROUP
                0x0000000000000000                __TEXT_REGION_ORIGIN__ = DEFINED (__TEXT_REGION_ORIGIN__)?__TEXT_REGION_ORIGIN__:0x0
                [0x0000000000800100]                __DATA_REGION_ORIGIN__ = DEFINED (__DATA_REGION_ORIGIN__)?__DATA_REGION_ORIGIN__:0x800060
                [0x0000000000008000]                __TEXT_REGION_LENGTH__ = DEFINED (__TEXT_REGION_LENGTH__)?__TEXT_REGION_LENGTH__:0x20000
                [0x0000000000000800]                __DATA_REGION_LENGTH__ = DEFINED (__DATA_REGION_LENGTH__)?__DATA_REGION_LENGTH__:0xffa0
                [0x0000000000000400]                __EEPROM_REGION_LENGTH__ = DEFINED (__EEPROM_REGION_LENGTH__)?__EEPROM_REGION_LENGTH__:0x10000
                [0x0000000000000003]                __FUSE_REGION_LENGTH__ = DEFINED (__FUSE_REGION_LENGTH__)?__FUSE_REGION_LENGTH__:0x400
                0x0000000000000400                __LOCK_REGION_LENGTH__ = DEFINED (__LOCK_REGION_LENGTH__)?__LOCK_REGION_LENGTH__:0x400
                0x0000000000000400                __SIGNATURE_REGION_LENGTH__ = DEFINED (__SIGNATURE_REGION_LENGTH__)?__SIGNATURE_REGION_LENGTH__:0x400
                0x0000000000000400                __USER_SIGNATURE_REGION_LENGTH__ = DEFINED (__USER_SIGNATURE_REGION_LENGTH__)?__USER_SIGNATURE_REGION_LENGTH__:0x400

.hash
 *(.hash)

.dynsym
 *(.dynsym)

.dynstr
 *(.dynstr)

.gnu.version
 *(.gnu.version)

.gnu.version_d
 *(.gnu.version_d)

.gnu.version_r
 *(.gnu.version_r)

.rel.init
 *(.rel.init)

.rela.init
 *(.rela.init)

.rel.text
 *(.rel.text)
 *(.rel.text.*)
 *(.rel.gnu.linkonce.t*)

.rela.text
 *(.rela.text)
 *(.rela.text.*)
 *(.rela.gnu.linkonce.t*)

.rel.fini
 *(.rel.fini)

.rela.fini
 *(.rela.fini)

.rel.rodata
 *(.rel.rodata)
 *(.rel.rodata.*)
 *(.rel.gnu.linkonce.r*)

.rela.rodata
 *(.rela.rodata)
 *(.rela.rodata.*)
 *(.rela.gnu.linkonce.r*)

.rel.data
 *(.rel.data)
 *(.rel.data.*)
 *(.rel.gnu.linkonce.d*)

.rela.data
 *(.rela.data)
 *(.rela.data.*)
 *(.rela.gnu.linkonce.d*)

.rel.ctors
 *(.rel.ctors)

.rela.ctors
 *(.rela.ctors)

.rel.dtors
 *(.rel.dtors)

.rela.dtors
 *(.rela.dtors)

.rel.got
 *(.rel.got)

.rela.got
 *(.rela.got)

.rel.bss
 *(.rel.bss)

.rela.bss
 *(.rela.bss)

.rel.plt
 *(.rel.plt)

.rela.plt
 *(.rela.plt)

.text           0x0000000000000000      0x94a
 *(.vectors)
 .vectors       0x0000000000000000       0x68 c:/users/20114/downloads/avr8-gnu-toolchain/avr8-gnu-toolchain-win32_x86_64/bin/../lib/gcc/avr/7.3.0/../../../../avr/lib/avr5/crtatmega328p.o
                0x0000000000000000                __vector_default
                0x0000000000000000                __vectors
 *(.vectors)
 *(.progmem.gcc*)
                0x0000000000000068                . = ALIGN (0x2)
                0x0000000000000068                __trampolines_start = .
 *(.trampolines)
 .trampolines   0x0000000000000068        0x0 linker stubs
 *(.trampolines*)
                0x0000000000000068                __trampolines_end = .
 *libprintf_flt.a:*(.progmem.data)
 *libc.a:*(.progmem.data)
 *(.progmem*)
                0x0000000000000068                . = ALIGN (0x2)
 *(.jumptables)
 *(.jumptables*)
 *(.lowtext)
 *(.lowtext*)
                0x0000000000000068                __ctors_start = .
 *(.ctors)
                0x0000000000000068                __ctors_end = .
                0x0000000000000068                __dtors_start = .
 *(.dtors)
                0x0000000000000068                __dtors_end = .
 SORT(*)(.ctors)
 SORT(*)(.dtors)
 *(.init0)
 .init0         0x0000000000000068        0x0 c:/users/20114/downloads/avr8-gnu-toolchain/avr8-gnu-toolchain-win32_x86_64/bin/../lib/gcc/avr/7.3.0/../../../../avr/lib/avr5/crtatmega328p.o
                0x0000000000000068                __init
 *(.init0)
 *(.init1)
 *(.init1)
 *(.init2)
 .init2         0x0000000000000068        0xc c:/users/20114/downloads/avr8-gnu-toolchain/avr8-gnu-toolchain-win32_x86_64/bin/../lib/gcc/avr/7.3.0/../../../../avr/lib/avr5/crtatmega328p.o
 *(.init2)
 *(.init3)
 *(.init3)
 *(.init4)
 .init4         0x0000000000000074       0x16 c:/users/20114/downloads/avr8-gnu-toolchain/avr8-gnu-toolchain-win32_x86_64/bin/../lib/gcc/avr/7.3.0/avr5\libgcc.a(_copy_data.o)
                0x0000000000000074                __do_copy_data
 .init4         0x000000000000008a       0x10 c:/users/20114/downloads/avr8-gnu-toolchain/avr8-gnu-toolchain-win32_x86_64/bin/../lib/gcc/avr/7.3.0/avr5\libgcc.a(_clear_bss.o)
                0x000000000000008a                __do_clear_bss
 *(.init4)
 *(.init5)
 *(.init5)
 *(.init6)
 *(.init6)
 *(.init7)
 *(.init7)
 *(.init8)
 *(.init8)
 *(.init9)
 .init9         0x000000000000009a        0x8 c:/users/20114/downloads/avr8-gnu-toolchain/avr8-gnu-toolchain-win32_x86_64/bin/../lib/gcc/avr/7.3.0/../../../../avr/lib/avr5/crtatmega328p.o
 *(.init9)
 *(.text)
 .text          0x00000000000000a2        0x4 c:/users/20114/downloads/avr8-gnu-toolchain/avr8-gnu-toolchain-win32_x86_64/bin/../lib/gcc/avr/7.3.0/../../../../avr/lib/avr5/crtatmega328p.o
                0x00000000000000a2                __vector_22
                0x00000000000000a2                __vector_1
                0x00000000000000a2                __vector_24
                0x00000000000000a2                __vector_12
                0x00000000000000a2                __bad_interrupt
                0x00000000000000a2                __vector_6
                0x00000000000000a2                __vector_3
                0x00000000000000a2                __vector_23
                0x00000000000000a2                __vector_25
                0x00000000000000a2                __vector_13
                0x00000000000000a2                __vector_17
                0x00000000000000a2                __vector_19
                0x00000000000000a2                __vector_5
                0x00000000000000a2                __vector_4
                0x00000000000000a2                __vector_9
                0x00000000000000a2                __vector_2
                0x00000000000000a2                __vector_21
                0x00000000000000a2                __vector_15
                0x00000000000000a2                __vector_8
                0x00000000000000a2                __vector_14
                0x00000000000000a2                __vector_10
                0x00000000000000a2                __vector_16
                0x00000000000000a2                __vector_18
                0x00000000000000a2                __vector_20
 .text          0x00000000000000a6        0x0 ./toggle/toggle.o
 .text          0x00000000000000a6        0x0 ./timer/timer.o
 .text          0x00000000000000a6        0x0 ./src/main.o
 .text          0x00000000000000a6        0x0 ./WDGM/WDGM.o
 .text          0x00000000000000a6        0x0 ./WDGDRV/WDGDRV.o
 .text          0x00000000000000a6        0x0 ./LED/LEDM.o
 .text          0x00000000000000a6        0x0 c:/users/20114/downloads/avr8-gnu-toolchain/avr8-gnu-toolchain-win32_x86_64/bin/../lib/gcc/avr/7.3.0/avr5\libgcc.a(_exit.o)
 .text          0x00000000000000a6        0x0 c:/users/20114/downloads/avr8-gnu-toolchain/avr8-gnu-toolchain-win32_x86_64/bin/../lib/gcc/avr/7.3.0/avr5\libgcc.a(_copy_data.o)
 .text          0x00000000000000a6        0x0 c:/users/20114/downloads/avr8-gnu-toolchain/avr8-gnu-toolchain-win32_x86_64/bin/../lib/gcc/avr/7.3.0/avr5\libgcc.a(_clear_bss.o)
 .text          0x00000000000000a6        0x0 c:/users/20114/downloads/avr8-gnu-toolchain/avr8-gnu-toolchain-win32_x86_64/bin/../lib/gcc/avr/7.3.0/../../../../avr/lib/avr5\libm.a(cmpsf2.o)
 .text          0x00000000000000a6        0x0 c:/users/20114/downloads/avr8-gnu-toolchain/avr8-gnu-toolchain-win32_x86_64/bin/../lib/gcc/avr/7.3.0/../../../../avr/lib/avr5\libm.a(fixunssfsi.o)
 .text          0x00000000000000a6        0x0 c:/users/20114/downloads/avr8-gnu-toolchain/avr8-gnu-toolchain-win32_x86_64/bin/../lib/gcc/avr/7.3.0/../../../../avr/lib/avr5\libm.a(fp_cmp.o)
 .text          0x00000000000000a6        0x0 c:/users/20114/downloads/avr8-gnu-toolchain/avr8-gnu-toolchain-win32_x86_64/bin/../lib/gcc/avr/7.3.0/../../../../avr/lib/avr5\libm.a(fp_split3.o)
 .text          0x00000000000000a6        0x0 c:/users/20114/downloads/avr8-gnu-toolchain/avr8-gnu-toolchain-win32_x86_64/bin/../lib/gcc/avr/7.3.0/../../../../avr/lib/avr5\libm.a(fp_zero.o)
 .text          0x00000000000000a6        0x0 c:/users/20114/downloads/avr8-gnu-toolchain/avr8-gnu-toolchain-win32_x86_64/bin/../lib/gcc/avr/7.3.0/../../../../avr/lib/avr5\libm.a(gesf2.o)
 .text          0x00000000000000a6        0x0 c:/users/20114/downloads/avr8-gnu-toolchain/avr8-gnu-toolchain-win32_x86_64/bin/../lib/gcc/avr/7.3.0/../../../../avr/lib/avr5\libm.a(mulsf3.o)
 .text          0x00000000000000a6        0x0 c:/users/20114/downloads/avr8-gnu-toolchain/avr8-gnu-toolchain-win32_x86_64/bin/../lib/gcc/avr/7.3.0/../../../../avr/lib/avr5\libm.a(mulsf3x.o)
 .text          0x00000000000000a6        0x0 c:/users/20114/downloads/avr8-gnu-toolchain/avr8-gnu-toolchain-win32_x86_64/bin/../lib/gcc/avr/7.3.0/../../../../avr/lib/avr5\libm.a(fp_inf.o)
 .text          0x00000000000000a6        0x0 c:/users/20114/downloads/avr8-gnu-toolchain/avr8-gnu-toolchain-win32_x86_64/bin/../lib/gcc/avr/7.3.0/../../../../avr/lib/avr5\libm.a(fp_nan.o)
 .text          0x00000000000000a6        0x0 c:/users/20114/downloads/avr8-gnu-toolchain/avr8-gnu-toolchain-win32_x86_64/bin/../lib/gcc/avr/7.3.0/../../../../avr/lib/avr5\libm.a(fp_pscA.o)
 .text          0x00000000000000a6        0x0 c:/users/20114/downloads/avr8-gnu-toolchain/avr8-gnu-toolchain-win32_x86_64/bin/../lib/gcc/avr/7.3.0/../../../../avr/lib/avr5\libm.a(fp_pscB.o)
 .text          0x00000000000000a6        0x0 c:/users/20114/downloads/avr8-gnu-toolchain/avr8-gnu-toolchain-win32_x86_64/bin/../lib/gcc/avr/7.3.0/../../../../avr/lib/avr5\libm.a(fp_round.o)
                0x00000000000000a6                . = ALIGN (0x2)
 *(.text.*)
 .text.toggle_testPins
                0x00000000000000a6       0x7a ./toggle/toggle.o
                0x00000000000000a6                toggle_testPins
 .text.Timer1_Init
                0x0000000000000120       0x66 ./timer/timer.o
                0x0000000000000120                Timer1_Init
 .text.__vector_11
                0x0000000000000186       0xa4 ./timer/timer.o
                0x0000000000000186                __vector_11
 .text.__vector_7
                0x000000000000022a       0x4e ./timer/timer.o
                0x000000000000022a                __vector_7
 .text.main     0x0000000000000278      0x19e ./src/main.o
                0x0000000000000278                main
 .text.WDGM_Init
                0x0000000000000416       0x24 ./WDGM/WDGM.o
                0x0000000000000416                WDGM_Init
 .text.WDGM_MainFunction
                0x000000000000043a       0x72 ./WDGM/WDGM.o
                0x000000000000043a                WDGM_MainFunction
 .text.WDGM_ProvideSupervisionStatus
                0x00000000000004ac       0x12 ./WDGM/WDGM.o
                0x00000000000004ac                WDGM_ProvideSupervisionStatus
 .text.WDGM_AlivenessIndication
                0x00000000000004be       0x22 ./WDGM/WDGM.o
                0x00000000000004be                WDGM_AlivenessIndication
 .text.WDGM_MainFunctionStuck
                0x00000000000004e0       0x24 ./WDGM/WDGM.o
                0x00000000000004e0                WDGM_MainFunctionStuck
 .text.WDGDrv_Init
                0x0000000000000504       0x58 ./WDGDRV/WDGDRV.o
                0x0000000000000504                WDGDrv_Init
 .text.WDGDrv_Refresh
                0x000000000000055c       0x12 ./WDGDRV/WDGDRV.o
                0x000000000000055c                WDGDrv_Refresh
 .text.GPIO_Init
                0x000000000000056e       0x34 ./LED/LEDM.o
                0x000000000000056e                GPIO_Init
 .text.GPIO_Write
                0x00000000000005a2       0x78 ./LED/LEDM.o
                0x00000000000005a2                GPIO_Write
 .text.LEDM_Init
                0x000000000000061a       0x34 ./LED/LEDM.o
                0x000000000000061a                LEDM_Init
 .text.LEDM_Manage
                0x000000000000064e       0xc2 ./LED/LEDM.o
                0x000000000000064e                LEDM_Manage
 .text.libgcc.mul
                0x0000000000000710        0x0 c:/users/20114/downloads/avr8-gnu-toolchain/avr8-gnu-toolchain-win32_x86_64/bin/../lib/gcc/avr/7.3.0/avr5\libgcc.a(_exit.o)
 .text.libgcc.div
                0x0000000000000710        0x0 c:/users/20114/downloads/avr8-gnu-toolchain/avr8-gnu-toolchain-win32_x86_64/bin/../lib/gcc/avr/7.3.0/avr5\libgcc.a(_exit.o)
 .text.libgcc   0x0000000000000710        0x0 c:/users/20114/downloads/avr8-gnu-toolchain/avr8-gnu-toolchain-win32_x86_64/bin/../lib/gcc/avr/7.3.0/avr5\libgcc.a(_exit.o)
 .text.libgcc.prologue
                0x0000000000000710        0x0 c:/users/20114/downloads/avr8-gnu-toolchain/avr8-gnu-toolchain-win32_x86_64/bin/../lib/gcc/avr/7.3.0/avr5\libgcc.a(_exit.o)
 .text.libgcc.builtins
                0x0000000000000710        0x0 c:/users/20114/downloads/avr8-gnu-toolchain/avr8-gnu-toolchain-win32_x86_64/bin/../lib/gcc/avr/7.3.0/avr5\libgcc.a(_exit.o)
 .text.libgcc.fmul
                0x0000000000000710        0x0 c:/users/20114/downloads/avr8-gnu-toolchain/avr8-gnu-toolchain-win32_x86_64/bin/../lib/gcc/avr/7.3.0/avr5\libgcc.a(_exit.o)
 .text.libgcc.fixed
                0x0000000000000710        0x0 c:/users/20114/downloads/avr8-gnu-toolchain/avr8-gnu-toolchain-win32_x86_64/bin/../lib/gcc/avr/7.3.0/avr5\libgcc.a(_exit.o)
 .text.libgcc.mul
                0x0000000000000710        0x0 c:/users/20114/downloads/avr8-gnu-toolchain/avr8-gnu-toolchain-win32_x86_64/bin/../lib/gcc/avr/7.3.0/avr5\libgcc.a(_copy_data.o)
 .text.libgcc.div
                0x0000000000000710        0x0 c:/users/20114/downloads/avr8-gnu-toolchain/avr8-gnu-toolchain-win32_x86_64/bin/../lib/gcc/avr/7.3.0/avr5\libgcc.a(_copy_data.o)
 .text.libgcc   0x0000000000000710        0x0 c:/users/20114/downloads/avr8-gnu-toolchain/avr8-gnu-toolchain-win32_x86_64/bin/../lib/gcc/avr/7.3.0/avr5\libgcc.a(_copy_data.o)
 .text.libgcc.prologue
                0x0000000000000710        0x0 c:/users/20114/downloads/avr8-gnu-toolchain/avr8-gnu-toolchain-win32_x86_64/bin/../lib/gcc/avr/7.3.0/avr5\libgcc.a(_copy_data.o)
 .text.libgcc.builtins
                0x0000000000000710        0x0 c:/users/20114/downloads/avr8-gnu-toolchain/avr8-gnu-toolchain-win32_x86_64/bin/../lib/gcc/avr/7.3.0/avr5\libgcc.a(_copy_data.o)
 .text.libgcc.fmul
                0x0000000000000710        0x0 c:/users/20114/downloads/avr8-gnu-toolchain/avr8-gnu-toolchain-win32_x86_64/bin/../lib/gcc/avr/7.3.0/avr5\libgcc.a(_copy_data.o)
 .text.libgcc.fixed
                0x0000000000000710        0x0 c:/users/20114/downloads/avr8-gnu-toolchain/avr8-gnu-toolchain-win32_x86_64/bin/../lib/gcc/avr/7.3.0/avr5\libgcc.a(_copy_data.o)
 .text.libgcc.mul
                0x0000000000000710        0x0 c:/users/20114/downloads/avr8-gnu-toolchain/avr8-gnu-toolchain-win32_x86_64/bin/../lib/gcc/avr/7.3.0/avr5\libgcc.a(_clear_bss.o)
 .text.libgcc.div
                0x0000000000000710        0x0 c:/users/20114/downloads/avr8-gnu-toolchain/avr8-gnu-toolchain-win32_x86_64/bin/../lib/gcc/avr/7.3.0/avr5\libgcc.a(_clear_bss.o)
 .text.libgcc   0x0000000000000710        0x0 c:/users/20114/downloads/avr8-gnu-toolchain/avr8-gnu-toolchain-win32_x86_64/bin/../lib/gcc/avr/7.3.0/avr5\libgcc.a(_clear_bss.o)
 .text.libgcc.prologue
                0x0000000000000710        0x0 c:/users/20114/downloads/avr8-gnu-toolchain/avr8-gnu-toolchain-win32_x86_64/bin/../lib/gcc/avr/7.3.0/avr5\libgcc.a(_clear_bss.o)
 .text.libgcc.builtins
                0x0000000000000710        0x0 c:/users/20114/downloads/avr8-gnu-toolchain/avr8-gnu-toolchain-win32_x86_64/bin/../lib/gcc/avr/7.3.0/avr5\libgcc.a(_clear_bss.o)
 .text.libgcc.fmul
                0x0000000000000710        0x0 c:/users/20114/downloads/avr8-gnu-toolchain/avr8-gnu-toolchain-win32_x86_64/bin/../lib/gcc/avr/7.3.0/avr5\libgcc.a(_clear_bss.o)
 .text.libgcc.fixed
                0x0000000000000710        0x0 c:/users/20114/downloads/avr8-gnu-toolchain/avr8-gnu-toolchain-win32_x86_64/bin/../lib/gcc/avr/7.3.0/avr5\libgcc.a(_clear_bss.o)
 .text.avr-libc.fplib
                0x0000000000000710        0xa c:/users/20114/downloads/avr8-gnu-toolchain/avr8-gnu-toolchain-win32_x86_64/bin/../lib/gcc/avr/7.3.0/../../../../avr/lib/avr5\libm.a(cmpsf2.o)
                0x0000000000000710                __nesf2
                0x0000000000000710                __eqsf2
                0x0000000000000710                __cmpsf2
                0x0000000000000710                __ltsf2
                0x0000000000000710                __lesf2
 .text.avr-libc.fplib
                0x000000000000071a       0x5e c:/users/20114/downloads/avr8-gnu-toolchain/avr8-gnu-toolchain-win32_x86_64/bin/../lib/gcc/avr/7.3.0/../../../../avr/lib/avr5\libm.a(fixunssfsi.o)
                0x000000000000071a                __fixunssfsi
 .text.avr-libc.fplib
                0x0000000000000778       0x48 c:/users/20114/downloads/avr8-gnu-toolchain/avr8-gnu-toolchain-win32_x86_64/bin/../lib/gcc/avr/7.3.0/../../../../avr/lib/avr5\libm.a(fp_cmp.o)
                0x0000000000000778                __fp_cmp
 .text.avr-libc.fplib
                0x00000000000007c0       0x44 c:/users/20114/downloads/avr8-gnu-toolchain/avr8-gnu-toolchain-win32_x86_64/bin/../lib/gcc/avr/7.3.0/../../../../avr/lib/avr5\libm.a(fp_split3.o)
                0x00000000000007c0                __fp_split3
                0x00000000000007d0                __fp_splitA
 .text.avr-libc.fplib
                0x0000000000000804        0xe c:/users/20114/downloads/avr8-gnu-toolchain/avr8-gnu-toolchain-win32_x86_64/bin/../lib/gcc/avr/7.3.0/../../../../avr/lib/avr5\libm.a(fp_zero.o)
                0x0000000000000804                __fp_zero
                0x0000000000000806                __fp_szero
 .text.avr-libc.fplib
                0x0000000000000812        0xa c:/users/20114/downloads/avr8-gnu-toolchain/avr8-gnu-toolchain-win32_x86_64/bin/../lib/gcc/avr/7.3.0/../../../../avr/lib/avr5\libm.a(gesf2.o)
                0x0000000000000812                __gesf2
                0x0000000000000812                __gtsf2
 .text.avr-libc.fplib
                0x000000000000081c        0x8 c:/users/20114/downloads/avr8-gnu-toolchain/avr8-gnu-toolchain-win32_x86_64/bin/../lib/gcc/avr/7.3.0/../../../../avr/lib/avr5\libm.a(mulsf3.o)
                0x000000000000081c                __mulsf3
 .text.avr-libc.fplib
                0x0000000000000824       0xd2 c:/users/20114/downloads/avr8-gnu-toolchain/avr8-gnu-toolchain-win32_x86_64/bin/../lib/gcc/avr/7.3.0/../../../../avr/lib/avr5\libm.a(mulsf3x.o)
                0x0000000000000842                __mulsf3x
                0x0000000000000848                __mulsf3_pse
 .text.avr-libc.fplib
                0x00000000000008f6        0xc c:/users/20114/downloads/avr8-gnu-toolchain/avr8-gnu-toolchain-win32_x86_64/bin/../lib/gcc/avr/7.3.0/../../../../avr/lib/avr5\libm.a(fp_inf.o)
                0x00000000000008f6                __fp_inf
 .text.avr-libc.fplib
                0x0000000000000902        0x6 c:/users/20114/downloads/avr8-gnu-toolchain/avr8-gnu-toolchain-win32_x86_64/bin/../lib/gcc/avr/7.3.0/../../../../avr/lib/avr5\libm.a(fp_nan.o)
                0x0000000000000902                __fp_nan
 .text.avr-libc.fplib
                0x0000000000000908        0xe c:/users/20114/downloads/avr8-gnu-toolchain/avr8-gnu-toolchain-win32_x86_64/bin/../lib/gcc/avr/7.3.0/../../../../avr/lib/avr5\libm.a(fp_pscA.o)
                0x0000000000000908                __fp_pscA
 .text.avr-libc.fplib
                0x0000000000000916        0xe c:/users/20114/downloads/avr8-gnu-toolchain/avr8-gnu-toolchain-win32_x86_64/bin/../lib/gcc/avr/7.3.0/../../../../avr/lib/avr5\libm.a(fp_pscB.o)
                0x0000000000000916                __fp_pscB
 .text.avr-libc.fplib
                0x0000000000000924       0x22 c:/users/20114/downloads/avr8-gnu-toolchain/avr8-gnu-toolchain-win32_x86_64/bin/../lib/gcc/avr/7.3.0/../../../../avr/lib/avr5\libm.a(fp_round.o)
                0x0000000000000924                __fp_round
                0x0000000000000946                . = ALIGN (0x2)
 *(.fini9)
 .fini9         0x0000000000000946        0x0 c:/users/20114/downloads/avr8-gnu-toolchain/avr8-gnu-toolchain-win32_x86_64/bin/../lib/gcc/avr/7.3.0/avr5\libgcc.a(_exit.o)
                0x0000000000000946                _exit
                0x0000000000000946                exit
 *(.fini9)
 *(.fini8)
 *(.fini8)
 *(.fini7)
 *(.fini7)
 *(.fini6)
 *(.fini6)
 *(.fini5)
 *(.fini5)
 *(.fini4)
 *(.fini4)
 *(.fini3)
 *(.fini3)
 *(.fini2)
 *(.fini2)
 *(.fini1)
 *(.fini1)
 *(.fini0)
 .fini0         0x0000000000000946        0x4 c:/users/20114/downloads/avr8-gnu-toolchain/avr8-gnu-toolchain-win32_x86_64/bin/../lib/gcc/avr/7.3.0/avr5\libgcc.a(_exit.o)
 *(.fini0)
                0x000000000000094a                _etext = .

.data           0x0000000000800100        0x2 load address 0x000000000000094a
                0x0000000000800100                PROVIDE (__data_start, .)
 *(.data)
 .data          0x0000000000800100        0x0 c:/users/20114/downloads/avr8-gnu-toolchain/avr8-gnu-toolchain-win32_x86_64/bin/../lib/gcc/avr/7.3.0/../../../../avr/lib/avr5/crtatmega328p.o
 .data          0x0000000000800100        0x0 ./toggle/toggle.o
 .data          0x0000000000800100        0x0 ./timer/timer.o
 .data          0x0000000000800100        0x0 ./src/main.o
 .data          0x0000000000800100        0x0 ./WDGM/WDGM.o
 .data          0x0000000000800100        0x0 ./WDGDRV/WDGDRV.o
 .data          0x0000000000800100        0x0 ./LED/LEDM.o
 .data          0x0000000000800100        0x0 c:/users/20114/downloads/avr8-gnu-toolchain/avr8-gnu-toolchain-win32_x86_64/bin/../lib/gcc/avr/7.3.0/avr5\libgcc.a(_exit.o)
 .data          0x0000000000800100        0x0 c:/users/20114/downloads/avr8-gnu-toolchain/avr8-gnu-toolchain-win32_x86_64/bin/../lib/gcc/avr/7.3.0/avr5\libgcc.a(_copy_data.o)
 .data          0x0000000000800100        0x0 c:/users/20114/downloads/avr8-gnu-toolchain/avr8-gnu-toolchain-win32_x86_64/bin/../lib/gcc/avr/7.3.0/avr5\libgcc.a(_clear_bss.o)
 .data          0x0000000000800100        0x0 c:/users/20114/downloads/avr8-gnu-toolchain/avr8-gnu-toolchain-win32_x86_64/bin/../lib/gcc/avr/7.3.0/../../../../avr/lib/avr5\libm.a(cmpsf2.o)
 .data          0x0000000000800100        0x0 c:/users/20114/downloads/avr8-gnu-toolchain/avr8-gnu-toolchain-win32_x86_64/bin/../lib/gcc/avr/7.3.0/../../../../avr/lib/avr5\libm.a(fixunssfsi.o)
 .data          0x0000000000800100        0x0 c:/users/20114/downloads/avr8-gnu-toolchain/avr8-gnu-toolchain-win32_x86_64/bin/../lib/gcc/avr/7.3.0/../../../../avr/lib/avr5\libm.a(fp_cmp.o)
 .data          0x0000000000800100        0x0 c:/users/20114/downloads/avr8-gnu-toolchain/avr8-gnu-toolchain-win32_x86_64/bin/../lib/gcc/avr/7.3.0/../../../../avr/lib/avr5\libm.a(fp_split3.o)
 .data          0x0000000000800100        0x0 c:/users/20114/downloads/avr8-gnu-toolchain/avr8-gnu-toolchain-win32_x86_64/bin/../lib/gcc/avr/7.3.0/../../../../avr/lib/avr5\libm.a(fp_zero.o)
 .data          0x0000000000800100        0x0 c:/users/20114/downloads/avr8-gnu-toolchain/avr8-gnu-toolchain-win32_x86_64/bin/../lib/gcc/avr/7.3.0/../../../../avr/lib/avr5\libm.a(gesf2.o)
 .data          0x0000000000800100        0x0 c:/users/20114/downloads/avr8-gnu-toolchain/avr8-gnu-toolchain-win32_x86_64/bin/../lib/gcc/avr/7.3.0/../../../../avr/lib/avr5\libm.a(mulsf3.o)
 .data          0x0000000000800100        0x0 c:/users/20114/downloads/avr8-gnu-toolchain/avr8-gnu-toolchain-win32_x86_64/bin/../lib/gcc/avr/7.3.0/../../../../avr/lib/avr5\libm.a(mulsf3x.o)
 .data          0x0000000000800100        0x0 c:/users/20114/downloads/avr8-gnu-toolchain/avr8-gnu-toolchain-win32_x86_64/bin/../lib/gcc/avr/7.3.0/../../../../avr/lib/avr5\libm.a(fp_inf.o)
 .data          0x0000000000800100        0x0 c:/users/20114/downloads/avr8-gnu-toolchain/avr8-gnu-toolchain-win32_x86_64/bin/../lib/gcc/avr/7.3.0/../../../../avr/lib/avr5\libm.a(fp_nan.o)
 .data          0x0000000000800100        0x0 c:/users/20114/downloads/avr8-gnu-toolchain/avr8-gnu-toolchain-win32_x86_64/bin/../lib/gcc/avr/7.3.0/../../../../avr/lib/avr5\libm.a(fp_pscA.o)
 .data          0x0000000000800100        0x0 c:/users/20114/downloads/avr8-gnu-toolchain/avr8-gnu-toolchain-win32_x86_64/bin/../lib/gcc/avr/7.3.0/../../../../avr/lib/avr5\libm.a(fp_pscB.o)
 .data          0x0000000000800100        0x0 c:/users/20114/downloads/avr8-gnu-toolchain/avr8-gnu-toolchain-win32_x86_64/bin/../lib/gcc/avr/7.3.0/../../../../avr/lib/avr5\libm.a(fp_round.o)
 *(.data*)
 .data.wdgmStatus
                0x0000000000800100        0x1 ./WDGM/WDGM.o
 *(.gnu.linkonce.d*)
 *(.rodata)
 *(.rodata*)
 *(.gnu.linkonce.r*)
                0x0000000000800102                . = ALIGN (0x2)
 *fill*         0x0000000000800101        0x1 
                0x0000000000800102                _edata = .
                0x0000000000800102                PROVIDE (__data_end, .)

.bss            0x0000000000800102       0x11
                0x0000000000800102                PROVIDE (__bss_start, .)
 *(.bss)
 .bss           0x0000000000800102        0x0 c:/users/20114/downloads/avr8-gnu-toolchain/avr8-gnu-toolchain-win32_x86_64/bin/../lib/gcc/avr/7.3.0/../../../../avr/lib/avr5/crtatmega328p.o
 .bss           0x0000000000800102        0x0 ./toggle/toggle.o
 .bss           0x0000000000800102        0x0 ./timer/timer.o
 .bss           0x0000000000800102        0x0 ./src/main.o
 .bss           0x0000000000800102        0x0 ./WDGM/WDGM.o
 .bss           0x0000000000800102        0x0 ./WDGDRV/WDGDRV.o
 .bss           0x0000000000800102        0x0 ./LED/LEDM.o
 .bss           0x0000000000800102        0x0 c:/users/20114/downloads/avr8-gnu-toolchain/avr8-gnu-toolchain-win32_x86_64/bin/../lib/gcc/avr/7.3.0/avr5\libgcc.a(_exit.o)
 .bss           0x0000000000800102        0x0 c:/users/20114/downloads/avr8-gnu-toolchain/avr8-gnu-toolchain-win32_x86_64/bin/../lib/gcc/avr/7.3.0/avr5\libgcc.a(_copy_data.o)
 .bss           0x0000000000800102        0x0 c:/users/20114/downloads/avr8-gnu-toolchain/avr8-gnu-toolchain-win32_x86_64/bin/../lib/gcc/avr/7.3.0/avr5\libgcc.a(_clear_bss.o)
 .bss           0x0000000000800102        0x0 c:/users/20114/downloads/avr8-gnu-toolchain/avr8-gnu-toolchain-win32_x86_64/bin/../lib/gcc/avr/7.3.0/../../../../avr/lib/avr5\libm.a(cmpsf2.o)
 .bss           0x0000000000800102        0x0 c:/users/20114/downloads/avr8-gnu-toolchain/avr8-gnu-toolchain-win32_x86_64/bin/../lib/gcc/avr/7.3.0/../../../../avr/lib/avr5\libm.a(fixunssfsi.o)
 .bss           0x0000000000800102        0x0 c:/users/20114/downloads/avr8-gnu-toolchain/avr8-gnu-toolchain-win32_x86_64/bin/../lib/gcc/avr/7.3.0/../../../../avr/lib/avr5\libm.a(fp_cmp.o)
 .bss           0x0000000000800102        0x0 c:/users/20114/downloads/avr8-gnu-toolchain/avr8-gnu-toolchain-win32_x86_64/bin/../lib/gcc/avr/7.3.0/../../../../avr/lib/avr5\libm.a(fp_split3.o)
 .bss           0x0000000000800102        0x0 c:/users/20114/downloads/avr8-gnu-toolchain/avr8-gnu-toolchain-win32_x86_64/bin/../lib/gcc/avr/7.3.0/../../../../avr/lib/avr5\libm.a(fp_zero.o)
 .bss           0x0000000000800102        0x0 c:/users/20114/downloads/avr8-gnu-toolchain/avr8-gnu-toolchain-win32_x86_64/bin/../lib/gcc/avr/7.3.0/../../../../avr/lib/avr5\libm.a(gesf2.o)
 .bss           0x0000000000800102        0x0 c:/users/20114/downloads/avr8-gnu-toolchain/avr8-gnu-toolchain-win32_x86_64/bin/../lib/gcc/avr/7.3.0/../../../../avr/lib/avr5\libm.a(mulsf3.o)
 .bss           0x0000000000800102        0x0 c:/users/20114/downloads/avr8-gnu-toolchain/avr8-gnu-toolchain-win32_x86_64/bin/../lib/gcc/avr/7.3.0/../../../../avr/lib/avr5\libm.a(mulsf3x.o)
 .bss           0x0000000000800102        0x0 c:/users/20114/downloads/avr8-gnu-toolchain/avr8-gnu-toolchain-win32_x86_64/bin/../lib/gcc/avr/7.3.0/../../../../avr/lib/avr5\libm.a(fp_inf.o)
 .bss           0x0000000000800102        0x0 c:/users/20114/downloads/avr8-gnu-toolchain/avr8-gnu-toolchain-win32_x86_64/bin/../lib/gcc/avr/7.3.0/../../../../avr/lib/avr5\libm.a(fp_nan.o)
 .bss           0x0000000000800102        0x0 c:/users/20114/downloads/avr8-gnu-toolchain/avr8-gnu-toolchain-win32_x86_64/bin/../lib/gcc/avr/7.3.0/../../../../avr/lib/avr5\libm.a(fp_pscA.o)
 .bss           0x0000000000800102        0x0 c:/users/20114/downloads/avr8-gnu-toolchain/avr8-gnu-toolchain-win32_x86_64/bin/../lib/gcc/avr/7.3.0/../../../../avr/lib/avr5\libm.a(fp_pscB.o)
 .bss           0x0000000000800102        0x0 c:/users/20114/downloads/avr8-gnu-toolchain/avr8-gnu-toolchain-win32_x86_64/bin/../lib/gcc/avr/7.3.0/../../../../avr/lib/avr5\libm.a(fp_round.o)
 *(.bss*)
 .bss.counter_main
                0x0000000000800102        0x4 ./src/main.o
                0x0000000000800102                counter_main
 .bss.ledManageCalls
                0x0000000000800106        0x2 ./WDGM/WDGM.o
 .bss.wdgmMainFunctionCalled
                0x0000000000800108        0x1 ./WDGM/WDGM.o
 .bss.counter_wdg
                0x0000000000800109        0x2 ./WDGM/WDGM.o
 .bss.ledState  0x000000000080010b        0x4 ./LED/LEDM.o
 .bss.counter   0x000000000080010f        0x4 ./LED/LEDM.o
 *(COMMON)
                0x0000000000800113                PROVIDE (__bss_end, .)
                0x000000000000094a                __data_load_start = LOADADDR (.data)
                0x000000000000094c                __data_load_end = (__data_load_start + SIZEOF (.data))

.noinit         0x0000000000800113        0x0
                [!provide]                        PROVIDE (__noinit_start, .)
 *(.noinit*)
                [!provide]                        PROVIDE (__noinit_end, .)
                0x0000000000800113                _end = .
                [!provide]                        PROVIDE (__heap_start, .)

.eeprom         0x0000000000810000        0x0
 *(.eeprom*)
                0x0000000000810000                __eeprom_end = .

.fuse
 *(.fuse)
 *(.lfuse)
 *(.hfuse)
 *(.efuse)

.lock
 *(.lock*)

.signature
 *(.signature*)

.user_signatures
 *(.user_signatures*)

.stab
 *(.stab)

.stabstr
 *(.stabstr)

.stab.excl
 *(.stab.excl)

.stab.exclstr
 *(.stab.exclstr)

.stab.index
 *(.stab.index)

.stab.indexstr
 *(.stab.indexstr)

.comment        0x0000000000000000       0x30
 *(.comment)
 .comment       0x0000000000000000       0x30 ./toggle/toggle.o
                                         0x31 (size before relaxing)
 .comment       0x0000000000000030       0x31 ./timer/timer.o
 .comment       0x0000000000000030       0x31 ./src/main.o
 .comment       0x0000000000000030       0x31 ./WDGM/WDGM.o
 .comment       0x0000000000000030       0x31 ./WDGDRV/WDGDRV.o
 .comment       0x0000000000000030       0x31 ./LED/LEDM.o

.note.gnu.avr.deviceinfo
                0x0000000000000000       0x40
 .note.gnu.avr.deviceinfo
                0x0000000000000000       0x40 c:/users/20114/downloads/avr8-gnu-toolchain/avr8-gnu-toolchain-win32_x86_64/bin/../lib/gcc/avr/7.3.0/../../../../avr/lib/avr5/crtatmega328p.o

.note.gnu.build-id
 *(.note.gnu.build-id)

.debug
 *(.debug)

.line
 *(.line)

.debug_srcinfo
 *(.debug_srcinfo)

.debug_sfnames
 *(.debug_sfnames)

.debug_aranges  0x0000000000000000      0x110
 *(.debug_aranges)
 .debug_aranges
                0x0000000000000000       0x20 ./toggle/toggle.o
 .debug_aranges
                0x0000000000000020       0x30 ./timer/timer.o
 .debug_aranges
                0x0000000000000050       0x20 ./src/main.o
 .debug_aranges
                0x0000000000000070       0x40 ./WDGM/WDGM.o
 .debug_aranges
                0x00000000000000b0       0x28 ./WDGDRV/WDGDRV.o
 .debug_aranges
                0x00000000000000d8       0x38 ./LED/LEDM.o

.debug_pubnames
 *(.debug_pubnames)

.debug_info     0x0000000000000000      0xcf5
 *(.debug_info .gnu.linkonce.wi.*)
 .debug_info    0x0000000000000000      0x5f4 c:/users/20114/downloads/avr8-gnu-toolchain/avr8-gnu-toolchain-win32_x86_64/bin/../lib/gcc/avr/7.3.0/../../../../avr/lib/avr5/crtatmega328p.o
 .debug_info    0x00000000000005f4       0xd6 ./toggle/toggle.o
 .debug_info    0x00000000000006ca      0x143 ./timer/timer.o
 .debug_info    0x000000000000080d      0x17e ./src/main.o
 .debug_info    0x000000000000098b      0x16f ./WDGM/WDGM.o
 .debug_info    0x0000000000000afa       0xcf ./WDGDRV/WDGDRV.o
 .debug_info    0x0000000000000bc9      0x12c ./LED/LEDM.o

.debug_abbrev   0x0000000000000000      0x973
 *(.debug_abbrev)
 .debug_abbrev  0x0000000000000000      0x5a2 c:/users/20114/downloads/avr8-gnu-toolchain/avr8-gnu-toolchain-win32_x86_64/bin/../lib/gcc/avr/7.3.0/../../../../avr/lib/avr5/crtatmega328p.o
 .debug_abbrev  0x00000000000005a2       0x84 ./toggle/toggle.o
 .debug_abbrev  0x0000000000000626       0xc8 ./timer/timer.o
 .debug_abbrev  0x00000000000006ee       0xde ./src/main.o
 .debug_abbrev  0x00000000000007cc       0xaf ./WDGM/WDGM.o
 .debug_abbrev  0x000000000000087b       0x54 ./WDGDRV/WDGDRV.o
 .debug_abbrev  0x00000000000008cf       0xa4 ./LED/LEDM.o

.debug_line     0x0000000000000000      0xf58
 *(.debug_line .debug_line.* .debug_line_end)
 .debug_line    0x0000000000000000       0x1a c:/users/20114/downloads/avr8-gnu-toolchain/avr8-gnu-toolchain-win32_x86_64/bin/../lib/gcc/avr/7.3.0/../../../../avr/lib/avr5/crtatmega328p.o
 .debug_line    0x000000000000001a       0xb8 ./toggle/toggle.o
 .debug_line    0x00000000000000d2      0x406 ./timer/timer.o
 .debug_line    0x00000000000004d8      0x3f0 ./src/main.o
 .debug_line    0x00000000000008c8      0x1fe ./WDGM/WDGM.o
 .debug_line    0x0000000000000ac6      0x26d ./WDGDRV/WDGDRV.o
 .debug_line    0x0000000000000d33      0x225 ./LED/LEDM.o

.debug_frame    0x0000000000000000      0x2e4
 *(.debug_frame)
 .debug_frame   0x0000000000000000       0x34 ./toggle/toggle.o
 .debug_frame   0x0000000000000034       0xe0 ./timer/timer.o
 .debug_frame   0x0000000000000114       0x34 ./src/main.o
 .debug_frame   0x0000000000000148       0xb4 ./WDGM/WDGM.o
 .debug_frame   0x00000000000001fc       0x54 ./WDGDRV/WDGDRV.o
 .debug_frame   0x0000000000000250       0x94 ./LED/LEDM.o

.debug_str      0x0000000000000000     0x7a04
 *(.debug_str)
 .debug_str     0x0000000000000000      0x208 c:/users/20114/downloads/avr8-gnu-toolchain/avr8-gnu-toolchain-win32_x86_64/bin/../lib/gcc/avr/7.3.0/../../../../avr/lib/avr5/crtatmega328p.o
 .debug_str     0x0000000000000208     0x2f71 ./toggle/toggle.o
                                       0x2fd1 (size before relaxing)
 .debug_str     0x0000000000003179     0x4325 ./timer/timer.o
                                       0x7319 (size before relaxing)
 .debug_str     0x000000000000749e      0x438 ./src/main.o
                                       0x4404 (size before relaxing)
 .debug_str     0x00000000000078d6       0xa8 ./WDGM/WDGM.o
                                       0x3143 (size before relaxing)
 .debug_str     0x000000000000797e       0x2e ./WDGDRV/WDGDRV.o
                                       0x6cb9 (size before relaxing)
 .debug_str     0x00000000000079ac       0x58 ./LED/LEDM.o
                                       0x30dd (size before relaxing)

.debug_loc      0x0000000000000000      0x4f4
 *(.debug_loc)
 .debug_loc     0x0000000000000000       0x48 ./toggle/toggle.o
 .debug_loc     0x0000000000000048      0x1cf ./timer/timer.o
 .debug_loc     0x0000000000000217       0x47 ./src/main.o
 .debug_loc     0x000000000000025e      0x127 ./WDGM/WDGM.o
 .debug_loc     0x0000000000000385       0x76 ./WDGDRV/WDGDRV.o
 .debug_loc     0x00000000000003fb       0xf9 ./LED/LEDM.o

.debug_macinfo
 *(.debug_macinfo)

.debug_weaknames
 *(.debug_weaknames)

.debug_funcnames
 *(.debug_funcnames)

.debug_typenames
 *(.debug_typenames)

.debug_varnames
 *(.debug_varnames)

.debug_pubtypes
 *(.debug_pubtypes)

.debug_ranges   0x0000000000000000       0xb0
 *(.debug_ranges)
 .debug_ranges  0x0000000000000000       0x10 ./toggle/toggle.o
 .debug_ranges  0x0000000000000010       0x20 ./timer/timer.o
 .debug_ranges  0x0000000000000030       0x10 ./src/main.o
 .debug_ranges  0x0000000000000040       0x30 ./WDGM/WDGM.o
 .debug_ranges  0x0000000000000070       0x18 ./WDGDRV/WDGDRV.o
 .debug_ranges  0x0000000000000088       0x28 ./LED/LEDM.o

.debug_macro    0x0000000000000000     0x306d
 *(.debug_macro)
 .debug_macro   0x0000000000000000       0x2e ./toggle/toggle.o
 .debug_macro   0x000000000000002e      0xb26 ./toggle/toggle.o
 .debug_macro   0x0000000000000b54       0x22 ./toggle/toggle.o
 .debug_macro   0x0000000000000b76       0xed ./timer/timer.o
 .debug_macro   0x0000000000000c63       0x10 ./timer/timer.o
 .debug_macro   0x0000000000000c73      0x1c9 ./timer/timer.o
 .debug_macro   0x0000000000000e3c      0x2fc ./timer/timer.o
 .debug_macro   0x0000000000001138       0x9e ./timer/timer.o
 .debug_macro   0x00000000000011d6     0x1411 ./timer/timer.o
 .debug_macro   0x00000000000025e7      0x13a ./timer/timer.o
 .debug_macro   0x0000000000002721       0xbd ./timer/timer.o
 .debug_macro   0x00000000000027de       0x34 ./timer/timer.o
 .debug_macro   0x0000000000002812       0x18 ./timer/timer.o
 .debug_macro   0x000000000000282a       0x6c ./timer/timer.o
 .debug_macro   0x0000000000002896       0x63 ./timer/timer.o
 .debug_macro   0x00000000000028f9       0x68 ./timer/timer.o
 .debug_macro   0x0000000000002961       0x6a ./timer/timer.o
 .debug_macro   0x00000000000029cb       0x5e ./timer/timer.o
 .debug_macro   0x0000000000002a29       0x58 ./timer/timer.o
 .debug_macro   0x0000000000002a81       0x9d ./src/main.o
 .debug_macro   0x0000000000002b1e       0x58 ./src/main.o
 .debug_macro   0x0000000000002b76       0x10 ./src/main.o
 .debug_macro   0x0000000000002b86      0x166 ./src/main.o
 .debug_macro   0x0000000000002cec       0x70 ./src/main.o
 .debug_macro   0x0000000000002d5c       0x58 ./src/main.o
 .debug_macro   0x0000000000002db4       0x41 ./WDGM/WDGM.o
 .debug_macro   0x0000000000002df5       0x5e ./WDGM/WDGM.o
 .debug_macro   0x0000000000002e53       0xaf ./WDGDRV/WDGDRV.o
 .debug_macro   0x0000000000002f02       0xb0 ./WDGDRV/WDGDRV.o
 .debug_macro   0x0000000000002fb2       0x62 ./WDGDRV/WDGDRV.o
 .debug_macro   0x0000000000003014       0x59 ./LED/LEDM.o
OUTPUT(final_project.elf elf32-avr)
LOAD linker stubs
